// Jest Snapshot v1, https://goo.gl/fbAQLP

exports[`<CatsApp> component should match snapshot 1`] = `
<div
  className="catsContainer"
>
  <CatList />
  <CatGrid />
</div>
`;
