// Jest Snapshot v1, https://goo.gl/fbAQLP

exports[`<CatGrid> component should match snapshot 1`] = `
<div
  className="grid"
/>
`;
