// Jest Snapshot v1, https://goo.gl/fbAQLP

exports[`<CatList> component should match snapshot 1`] = `
<div
  className="cats"
>
  <WithStyles(ForwardRef(CircularProgress)) />
</div>
`;
