// Jest Snapshot v1, https://goo.gl/fbAQLP

exports[`<App> component should match snapshot 1`] = `
<Fragment>
  <Header />
  <CatsApp
    cats={Array []}
    groupedCats={Array []}
    selectCat={[Function]}
    selectedCats={Array []}
    selectedCatsCount={0}
  />
</Fragment>
`;
